[4class] held_out=charliehebdo-all-rnr-threads validation=germanwings-crash-all-rnr-threads train=3877 val=468 test=2079
    epoch  1 loss=19390.0 val_mF1(mean over checkpoints)=0.197
    epoch  2 loss=14822.7 val_mF1(mean over checkpoints)=0.250
    epoch  3 loss=13098.8 val_mF1(mean over checkpoints)=0.142
    epoch  4 loss=11523.1 val_mF1(mean over checkpoints)=0.187
    epoch  5 loss=11524.0 val_mF1(mean over checkpoints)=0.191
    epoch  6 loss=10308.5 val_mF1(mean over checkpoints)=0.275
    epoch  7 loss=9246.8 val_mF1(mean over checkpoints)=0.208
    epoch  8 loss=8215.1 val_mF1(mean over checkpoints)=0.268
    epoch  9 loss=7697.7 val_mF1(mean over checkpoints)=0.232
    epoch 10 loss=6955.5 val_mF1(mean over checkpoints)=0.246
    epoch 11 loss=6238.1 val_mF1(mean over checkpoints)=0.263
    epoch 12 loss=6070.7 val_mF1(mean over checkpoints)=0.225
  dgtr       T=12.34 test acc by checkpoint=[0.658, 0.667, 0.667, 0.672, 0.674, 0.678]
  source_lr  T=12.80 test acc by checkpoint=[0.684, 0.684, 0.684, 0.684, 0.684, 0.684]
  prefix_lr  T=17.41 test acc by checkpoint=[0.688, 0.684, 0.684, 0.683, 0.68, 0.684]
  gat_full   T=19.92 test acc by checkpoint=[0.659, 0.664, 0.665, 0.671, 0.675, 0.671]
  fold done in 155s
[4class] held_out=ebola-essien-all-rnr-threads validation=germanwings-crash-all-rnr-threads train=5942 val=468 test=14
    epoch  1 loss=33808.6 val_mF1(mean over checkpoints)=0.274
    epoch  2 loss=25752.1 val_mF1(mean over checkpoints)=0.248
    epoch  3 loss=23147.1 val_mF1(mean over checkpoints)=0.294
    epoch  4 loss=21271.2 val_mF1(mean over checkpoints)=0.349
    epoch  5 loss=19490.4 val_mF1(mean over checkpoints)=0.336
    epoch  6 loss=18088.3 val_mF1(mean over checkpoints)=0.316
    epoch  7 loss=15924.5 val_mF1(mean over checkpoints)=0.360
    epoch  8 loss=15067.3 val_mF1(mean over checkpoints)=0.331
    epoch  9 loss=14406.1 val_mF1(mean over checkpoints)=0.317
    epoch 10 loss=12028.2 val_mF1(mean over checkpoints)=0.296
    epoch 11 loss=11684.6 val_mF1(mean over checkpoints)=0.344
    epoch 12 loss=10336.5 val_mF1(mean over checkpoints)=0.336
  dgtr       T=3.85 test acc by checkpoint=[0.143, 0.143, 0.214, 0.214, 0.214, 0.214]
  source_lr  T=4.00 test acc by checkpoint=[0.0, 0.0, 0.0, 0.0, 0.0, 0.0]
  prefix_lr  T=9.61 test acc by checkpoint=[0.0, 0.071, 0.0, 0.143, 0.0, 0.0]
  gat_full   T=5.51 test acc by checkpoint=[0.071, 0.071, 0.143, 0.143, 0.214, 0.143]
  fold done in 228s
[4class] held_out=ferguson-all-rnr-threads validation=germanwings-crash-all-rnr-threads train=4813 val=468 test=1143
    epoch  1 loss=28095.0 val_mF1(mean over checkpoints)=0.213
    epoch  2 loss=22420.7 val_mF1(mean over checkpoints)=0.232
    epoch  3 loss=19963.2 val_mF1(mean over checkpoints)=0.200
    epoch  4 loss=18026.1 val_mF1(mean over checkpoints)=0.333
    epoch  5 loss=16315.9 val_mF1(mean over checkpoints)=0.296
    epoch  6 loss=14869.7 val_mF1(mean over checkpoints)=0.320
    epoch  7 loss=14129.8 val_mF1(mean over checkpoints)=0.299
    epoch  8 loss=12540.9 val_mF1(mean over checkpoints)=0.327
    epoch  9 loss=11346.1 val_mF1(mean over checkpoints)=0.331
    epoch 10 loss=10950.6 val_mF1(mean over checkpoints)=0.328
    epoch 11 loss=9573.4 val_mF1(mean over checkpoints)=0.324
    epoch 12 loss=9034.2 val_mF1(mean over checkpoints)=0.347
  dgtr       T=3.70 test acc by checkpoint=[0.687, 0.69, 0.687, 0.691, 0.696, 0.696]
  source_lr  T=4.38 test acc by checkpoint=[0.679, 0.679, 0.679, 0.679, 0.679, 0.679]
  prefix_lr  T=7.61 test acc by checkpoint=[0.647, 0.658, 0.665, 0.671, 0.676, 0.679]
  gat_full   T=4.75 test acc by checkpoint=[0.696, 0.697, 0.699, 0.704, 0.71, 0.716]
  fold done in 142s
[4class] held_out=germanwings-crash-all-rnr-threads validation=ottawashooting-all-rnr-threads train=5066 val=890 test=468
    epoch  1 loss=27094.4 val_mF1(mean over checkpoints)=0.338
    epoch  2 loss=21976.3 val_mF1(mean over checkpoints)=0.387
    epoch  3 loss=19614.6 val_mF1(mean over checkpoints)=0.358
    epoch  4 loss=17988.1 val_mF1(mean over checkpoints)=0.411
    epoch  5 loss=16429.4 val_mF1(mean over checkpoints)=0.365
    epoch  6 loss=15802.3 val_mF1(mean over checkpoints)=0.421
    epoch  7 loss=14330.3 val_mF1(mean over checkpoints)=0.387
    epoch  8 loss=12829.0 val_mF1(mean over checkpoints)=0.324
    epoch  9 loss=12047.2 val_mF1(mean over checkpoints)=0.370
    epoch 10 loss=10668.4 val_mF1(mean over checkpoints)=0.385
    epoch 11 loss=9562.1 val_mF1(mean over checkpoints)=0.357
    epoch 12 loss=9051.6 val_mF1(mean over checkpoints)=0.408
  dgtr       T=2.67 test acc by checkpoint=[0.342, 0.342, 0.335, 0.331, 0.331, 0.34]
  source_lr  T=3.60 test acc by checkpoint=[0.391, 0.391, 0.391, 0.391, 0.391, 0.391]
  prefix_lr  T=5.65 test acc by checkpoint=[0.346, 0.34, 0.346, 0.363, 0.372, 0.372]
  gat_full   T=3.28 test acc by checkpoint=[0.312, 0.312, 0.318, 0.314, 0.316, 0.316]
  fold done in 125s
[4class] held_out=gurlitt-all-rnr-threads validation=ottawashooting-all-rnr-threads train=5396 val=890 test=138
    epoch  1 loss=30630.2 val_mF1(mean over checkpoints)=0.329
    epoch  2 loss=23432.5 val_mF1(mean over checkpoints)=0.356
    epoch  3 loss=21421.7 val_mF1(mean over checkpoints)=0.404
    epoch  4 loss=19858.8 val_mF1(mean over checkpoints)=0.372
    epoch  5 loss=18352.1 val_mF1(mean over checkpoints)=0.377
    epoch  6 loss=16804.0 val_mF1(mean over checkpoints)=0.376
    epoch  7 loss=15844.1 val_mF1(mean over checkpoints)=0.422
    epoch  8 loss=14509.1 val_mF1(mean over checkpoints)=0.383
    epoch  9 loss=13430.7 val_mF1(mean over checkpoints)=0.389
    epoch 10 loss=12112.7 val_mF1(mean over checkpoints)=0.337
    epoch 11 loss=11449.2 val_mF1(mean over checkpoints)=0.350
    epoch 12 loss=10893.3 val_mF1(mean over checkpoints)=0.368
  dgtr       T=2.02 test acc by checkpoint=[0.174, 0.174, 0.174, 0.174, 0.174, 0.174]
  source_lr  T=3.60 test acc by checkpoint=[0.261, 0.261, 0.261, 0.261, 0.261, 0.261]
  prefix_lr  T=6.15 test acc by checkpoint=[0.37, 0.37, 0.37, 0.37, 0.37, 0.37]
  gat_full   T=2.76 test acc by checkpoint=[0.406, 0.406, 0.406, 0.406, 0.42, 0.413]
  fold done in 147s
[4class] held_out=ottawashooting-all-rnr-threads validation=sydneysiege-all-rnr-threads train=4313 val=1221 test=890
    epoch  1 loss=22745.3 val_mF1(mean over checkpoints)=0.313
    epoch  2 loss=17683.2 val_mF1(mean over checkpoints)=0.352
    epoch  3 loss=15445.0 val_mF1(mean over checkpoints)=0.353
    epoch  4 loss=14796.2 val_mF1(mean over checkpoints)=0.341
    epoch  5 loss=13109.1 val_mF1(mean over checkpoints)=0.310
    epoch  6 loss=11891.3 val_mF1(mean over checkpoints)=0.391
    epoch  7 loss=10805.8 val_mF1(mean over checkpoints)=0.341
    epoch  8 loss=9795.4 val_mF1(mean over checkpoints)=0.374
    epoch  9 loss=9203.6 val_mF1(mean over checkpoints)=0.340
    epoch 10 loss=7709.1 val_mF1(mean over checkpoints)=0.351
    epoch 11 loss=7429.6 val_mF1(mean over checkpoints)=0.362
    epoch 12 loss=7161.9 val_mF1(mean over checkpoints)=0.324
  dgtr       T=2.22 test acc by checkpoint=[0.615, 0.616, 0.615, 0.613, 0.62, 0.621]
  source_lr  T=5.61 test acc by checkpoint=[0.427, 0.427, 0.427, 0.427, 0.427, 0.427]
  prefix_lr  T=7.85 test acc by checkpoint=[0.452, 0.461, 0.449, 0.444, 0.435, 0.434]
  gat_full   T=3.96 test acc by checkpoint=[0.545, 0.539, 0.533, 0.53, 0.537, 0.522]
  fold done in 101s
[4class] held_out=prince-toronto-all-rnr-threads validation=sydneysiege-all-rnr-threads train=4970 val=1221 test=233
    epoch  1 loss=29715.1 val_mF1(mean over checkpoints)=0.372
    epoch  2 loss=21797.2 val_mF1(mean over checkpoints)=0.377
    epoch  3 loss=18896.9 val_mF1(mean over checkpoints)=0.327
    epoch  4 loss=17284.5 val_mF1(mean over checkpoints)=0.395
    epoch  5 loss=16303.5 val_mF1(mean over checkpoints)=0.315
    epoch  6 loss=14060.7 val_mF1(mean over checkpoints)=0.388
    epoch  7 loss=13433.0 val_mF1(mean over checkpoints)=0.353
    epoch  8 loss=12223.9 val_mF1(mean over checkpoints)=0.330
    epoch  9 loss=11412.9 val_mF1(mean over checkpoints)=0.320
    epoch 10 loss=10304.8 val_mF1(mean over checkpoints)=0.327
    epoch 11 loss=8974.8 val_mF1(mean over checkpoints)=0.326
    epoch 12 loss=8372.1 val_mF1(mean over checkpoints)=0.354
  dgtr       T=2.13 test acc by checkpoint=[0.082, 0.077, 0.073, 0.064, 0.056, 0.052]
  source_lr  T=3.49 test acc by checkpoint=[0.069, 0.069, 0.069, 0.069, 0.069, 0.069]
  prefix_lr  T=6.20 test acc by checkpoint=[0.056, 0.064, 0.069, 0.069, 0.064, 0.069]
  gat_full   T=3.21 test acc by checkpoint=[0.047, 0.047, 0.047, 0.047, 0.052, 0.052]
  fold done in 108s
[4class] held_out=putinmissing-all-rnr-threads validation=sydneysiege-all-rnr-threads train=4965 val=1221 test=238
    epoch  1 loss=26942.0 val_mF1(mean over checkpoints)=0.349
    epoch  2 loss=20046.9 val_mF1(mean over checkpoints)=0.395
    epoch  3 loss=17550.1 val_mF1(mean over checkpoints)=0.307
    epoch  4 loss=16522.6 val_mF1(mean over checkpoints)=0.347
    epoch  5 loss=14869.4 val_mF1(mean over checkpoints)=0.353
    epoch  6 loss=14003.5 val_mF1(mean over checkpoints)=0.424
    epoch  7 loss=12542.4 val_mF1(mean over checkpoints)=0.347
    epoch  8 loss=12012.2 val_mF1(mean over checkpoints)=0.299
    epoch  9 loss=10660.2 val_mF1(mean over checkpoints)=0.288
    epoch 10 loss=9884.6 val_mF1(mean over checkpoints)=0.320
    epoch 11 loss=8487.8 val_mF1(mean over checkpoints)=0.418
    epoch 12 loss=7963.5 val_mF1(mean over checkpoints)=0.305
  dgtr       T=2.01 test acc by checkpoint=[0.298, 0.303, 0.307, 0.315, 0.332, 0.336]
  source_lr  T=3.97 test acc by checkpoint=[0.391, 0.391, 0.391, 0.391, 0.391, 0.391]
  prefix_lr  T=6.97 test acc by checkpoint=[0.353, 0.349, 0.37, 0.374, 0.382, 0.374]
  gat_full   T=3.07 test acc by checkpoint=[0.349, 0.349, 0.353, 0.353, 0.349, 0.349]
  fold done in 114s
[4class] held_out=sydneysiege-all-rnr-threads validation=charliehebdo-all-rnr-threads train=3124 val=2079 test=1221
    epoch  1 loss=15186.9 val_mF1(mean over checkpoints)=0.386
    epoch  2 loss=10493.4 val_mF1(mean over checkpoints)=0.380
    epoch  3 loss=8900.2 val_mF1(mean over checkpoints)=0.256
    epoch  4 loss=7812.9 val_mF1(mean over checkpoints)=0.360
    epoch  5 loss=7213.5 val_mF1(mean over checkpoints)=0.333
    epoch  6 loss=6653.5 val_mF1(mean over checkpoints)=0.335
    epoch  7 loss=5636.8 val_mF1(mean over checkpoints)=0.306
    epoch  8 loss=5176.2 val_mF1(mean over checkpoints)=0.344
    epoch  9 loss=4771.4 val_mF1(mean over checkpoints)=0.339
    epoch 10 loss=4543.4 val_mF1(mean over checkpoints)=0.385
    epoch 11 loss=4027.9 val_mF1(mean over checkpoints)=0.371
    epoch 12 loss=3568.2 val_mF1(mean over checkpoints)=0.302
  dgtr       T=1.68 test acc by checkpoint=[0.552, 0.551, 0.544, 0.544, 0.532, 0.538]
  source_lr  T=2.31 test acc by checkpoint=[0.464, 0.464, 0.464, 0.464, 0.464, 0.464]
  prefix_lr  T=3.76 test acc by checkpoint=[0.489, 0.492, 0.482, 0.481, 0.482, 0.486]
  gat_full   T=2.51 test acc by checkpoint=[0.532, 0.533, 0.527, 0.518, 0.511, 0.509]
  fold done in 84s
