[veracity] held_out=charliehebdo-all-rnr-threads validation=germanwings-crash-all-rnr-threads train=1706 val=238 test=458
    epoch  1 loss=7843.6 val_mF1(mean over checkpoints)=0.233
    epoch  2 loss=5204.2 val_mF1(mean over checkpoints)=0.247
    epoch  3 loss=4459.8 val_mF1(mean over checkpoints)=0.238
    epoch  4 loss=4248.1 val_mF1(mean over checkpoints)=0.331
    epoch  5 loss=3806.9 val_mF1(mean over checkpoints)=0.305
    epoch  6 loss=3286.9 val_mF1(mean over checkpoints)=0.209
    epoch  7 loss=2780.4 val_mF1(mean over checkpoints)=0.288
    epoch  8 loss=2574.0 val_mF1(mean over checkpoints)=0.245
    epoch  9 loss=2215.0 val_mF1(mean over checkpoints)=0.292
    epoch 10 loss=1853.5 val_mF1(mean over checkpoints)=0.248
    epoch 11 loss=1691.7 val_mF1(mean over checkpoints)=0.269
    epoch 12 loss=1590.4 val_mF1(mean over checkpoints)=0.273
  dgtr       T=5.72 test acc by checkpoint=[0.402, 0.41, 0.406, 0.393, 0.395, 0.393]
  source_lr  T=11.40 test acc by checkpoint=[0.343, 0.343, 0.343, 0.343, 0.343, 0.343]
  prefix_lr  T=17.44 test acc by checkpoint=[0.345, 0.356, 0.362, 0.371, 0.367, 0.345]
  gat_full   T=40.46 test acc by checkpoint=[0.373, 0.373, 0.384, 0.386, 0.38, 0.384]
  fold done in 56s
[veracity] held_out=ebola-essien-all-rnr-threads validation=germanwings-crash-all-rnr-threads train=2150 val=238 test=14
    epoch  1 loss=10043.3 val_mF1(mean over checkpoints)=0.219
    epoch  2 loss=7488.7 val_mF1(mean over checkpoints)=0.227
    epoch  3 loss=6549.7 val_mF1(mean over checkpoints)=0.297
    epoch  4 loss=6251.6 val_mF1(mean over checkpoints)=0.332
    epoch  5 loss=5890.2 val_mF1(mean over checkpoints)=0.299
    epoch  6 loss=5183.4 val_mF1(mean over checkpoints)=0.332
    epoch  7 loss=5001.1 val_mF1(mean over checkpoints)=0.290
    epoch  8 loss=4663.3 val_mF1(mean over checkpoints)=0.278
    epoch  9 loss=4001.9 val_mF1(mean over checkpoints)=0.346
    epoch 10 loss=3908.8 val_mF1(mean over checkpoints)=0.263
    epoch 11 loss=3440.1 val_mF1(mean over checkpoints)=0.290
    epoch 12 loss=2955.8 val_mF1(mean over checkpoints)=0.288
  dgtr       T=6.56 test acc by checkpoint=[0.214, 0.214, 0.214, 0.214, 0.214, 0.214]
  source_lr  T=10.11 test acc by checkpoint=[0.0, 0.0, 0.0, 0.0, 0.0, 0.0]
  prefix_lr  T=19.66 test acc by checkpoint=[0.071, 0.286, 0.357, 0.429, 0.429, 0.357]
  gat_full   T=11.49 test acc by checkpoint=[0.143, 0.143, 0.143, 0.143, 0.143, 0.143]
  fold done in 87s
[veracity] held_out=ferguson-all-rnr-threads validation=germanwings-crash-all-rnr-threads train=1880 val=238 test=284
    epoch  1 loss=9534.8 val_mF1(mean over checkpoints)=0.247
    epoch  2 loss=7258.7 val_mF1(mean over checkpoints)=0.224
    epoch  3 loss=6595.4 val_mF1(mean over checkpoints)=0.310
    epoch  4 loss=6039.5 val_mF1(mean over checkpoints)=0.232
    epoch  5 loss=5528.5 val_mF1(mean over checkpoints)=0.336
    epoch  6 loss=4949.2 val_mF1(mean over checkpoints)=0.240
    epoch  7 loss=4519.7 val_mF1(mean over checkpoints)=0.334
    epoch  8 loss=4231.7 val_mF1(mean over checkpoints)=0.290
    epoch  9 loss=3501.9 val_mF1(mean over checkpoints)=0.372
    epoch 10 loss=2964.6 val_mF1(mean over checkpoints)=0.336
    epoch 11 loss=2781.3 val_mF1(mean over checkpoints)=0.360
    epoch 12 loss=2291.5 val_mF1(mean over checkpoints)=0.311
  dgtr       T=4.63 test acc by checkpoint=[0.162, 0.165, 0.173, 0.183, 0.176, 0.169]
  source_lr  T=11.20 test acc by checkpoint=[0.141, 0.141, 0.141, 0.141, 0.141, 0.141]
  prefix_lr  T=20.77 test acc by checkpoint=[0.201, 0.201, 0.197, 0.211, 0.197, 0.208]
  gat_full   T=34.28 test acc by checkpoint=[0.236, 0.229, 0.215, 0.218, 0.208, 0.211]
  fold done in 82s
[veracity] held_out=germanwings-crash-all-rnr-threads validation=ottawashooting-all-rnr-threads train=1694 val=470 test=238
    epoch  1 loss=7440.2 val_mF1(mean over checkpoints)=0.322
    epoch  2 loss=5842.3 val_mF1(mean over checkpoints)=0.311
    epoch  3 loss=5208.7 val_mF1(mean over checkpoints)=0.297
    epoch  4 loss=4775.3 val_mF1(mean over checkpoints)=0.434
    epoch  5 loss=4327.7 val_mF1(mean over checkpoints)=0.395
    epoch  6 loss=3860.9 val_mF1(mean over checkpoints)=0.425
    epoch  7 loss=4025.4 val_mF1(mean over checkpoints)=0.372
    epoch  8 loss=3468.1 val_mF1(mean over checkpoints)=0.398
    epoch  9 loss=3353.4 val_mF1(mean over checkpoints)=0.368
    epoch 10 loss=2737.5 val_mF1(mean over checkpoints)=0.421
    epoch 11 loss=2502.9 val_mF1(mean over checkpoints)=0.412
    epoch 12 loss=2266.8 val_mF1(mean over checkpoints)=0.337
  dgtr       T=1.59 test acc by checkpoint=[0.416, 0.387, 0.374, 0.378, 0.399, 0.399]
  source_lr  T=4.20 test acc by checkpoint=[0.378, 0.378, 0.378, 0.378, 0.378, 0.378]
  prefix_lr  T=5.79 test acc by checkpoint=[0.387, 0.37, 0.357, 0.382, 0.37, 0.37]
  gat_full   T=10.47 test acc by checkpoint=[0.332, 0.332, 0.328, 0.332, 0.324, 0.324]
  fold done in 60s
[veracity] held_out=gurlitt-all-rnr-threads validation=ottawashooting-all-rnr-threads train=1871 val=470 test=61
    epoch  1 loss=8156.6 val_mF1(mean over checkpoints)=0.222
    epoch  2 loss=6479.5 val_mF1(mean over checkpoints)=0.307
    epoch  3 loss=6132.2 val_mF1(mean over checkpoints)=0.286
    epoch  4 loss=5585.0 val_mF1(mean over checkpoints)=0.323
    epoch  5 loss=5115.3 val_mF1(mean over checkpoints)=0.256
    epoch  6 loss=5100.4 val_mF1(mean over checkpoints)=0.307
    epoch  7 loss=4475.2 val_mF1(mean over checkpoints)=0.310
    epoch  8 loss=3821.6 val_mF1(mean over checkpoints)=0.302
    epoch  9 loss=3856.5 val_mF1(mean over checkpoints)=0.353
    epoch 10 loss=4127.3 val_mF1(mean over checkpoints)=0.344
    epoch 11 loss=3102.6 val_mF1(mean over checkpoints)=0.364
    epoch 12 loss=2839.3 val_mF1(mean over checkpoints)=0.356
  dgtr       T=5.13 test acc by checkpoint=[0.295, 0.295, 0.311, 0.311, 0.311, 0.295]
  source_lr  T=5.00 test acc by checkpoint=[0.197, 0.197, 0.197, 0.197, 0.197, 0.197]
  prefix_lr  T=7.08 test acc by checkpoint=[0.443, 0.443, 0.443, 0.443, 0.459, 0.459]
  gat_full   T=7.55 test acc by checkpoint=[0.148, 0.148, 0.148, 0.148, 0.148, 0.148]
  fold done in 69s
[veracity] held_out=ottawashooting-all-rnr-threads validation=sydneysiege-all-rnr-threads train=1410 val=522 test=470
    epoch  1 loss=6086.0 val_mF1(mean over checkpoints)=0.206
    epoch  2 loss=4132.6 val_mF1(mean over checkpoints)=0.157
    epoch  3 loss=3795.7 val_mF1(mean over checkpoints)=0.311
    epoch  4 loss=3663.7 val_mF1(mean over checkpoints)=0.198
    epoch  5 loss=3147.5 val_mF1(mean over checkpoints)=0.134
    epoch  6 loss=2847.4 val_mF1(mean over checkpoints)=0.232
    epoch  7 loss=2653.5 val_mF1(mean over checkpoints)=0.202
    epoch  8 loss=2196.6 val_mF1(mean over checkpoints)=0.222
    epoch  9 loss=2414.5 val_mF1(mean over checkpoints)=0.181
    epoch 10 loss=1967.8 val_mF1(mean over checkpoints)=0.250
    epoch 11 loss=1905.3 val_mF1(mean over checkpoints)=0.299
    epoch 12 loss=1343.4 val_mF1(mean over checkpoints)=0.234
  dgtr       T=39.29 test acc by checkpoint=[0.364, 0.338, 0.328, 0.323, 0.304, 0.298]
  source_lr  T=57.97 test acc by checkpoint=[0.281, 0.281, 0.281, 0.281, 0.281, 0.281]
  prefix_lr  T=56.59 test acc by checkpoint=[0.289, 0.281, 0.277, 0.264, 0.262, 0.257]
  gat_full   T=10.04 test acc by checkpoint=[0.43, 0.423, 0.413, 0.413, 0.391, 0.37]
  fold done in 66s
[veracity] held_out=prince-toronto-all-rnr-threads validation=sydneysiege-all-rnr-threads train=1651 val=522 test=229
    epoch  1 loss=8620.6 val_mF1(mean over checkpoints)=0.295
    epoch  2 loss=6525.7 val_mF1(mean over checkpoints)=0.284
    epoch  3 loss=5332.9 val_mF1(mean over checkpoints)=0.234
    epoch  4 loss=4663.3 val_mF1(mean over checkpoints)=0.319
    epoch  5 loss=4261.0 val_mF1(mean over checkpoints)=0.382
    epoch  6 loss=3782.0 val_mF1(mean over checkpoints)=0.342
    epoch  7 loss=3438.8 val_mF1(mean over checkpoints)=0.337
    epoch  8 loss=2776.0 val_mF1(mean over checkpoints)=0.328
    epoch  9 loss=2428.2 val_mF1(mean over checkpoints)=0.379
    epoch 10 loss=2317.2 val_mF1(mean over checkpoints)=0.302
    epoch 11 loss=2364.3 val_mF1(mean over checkpoints)=0.292
    epoch 12 loss=1820.4 val_mF1(mean over checkpoints)=0.382
  dgtr       T=7.07 test acc by checkpoint=[0.087, 0.079, 0.079, 0.079, 0.087, 0.083]
  source_lr  T=25.41 test acc by checkpoint=[0.162, 0.162, 0.162, 0.162, 0.162, 0.162]
  prefix_lr  T=25.78 test acc by checkpoint=[0.157, 0.157, 0.162, 0.157, 0.144, 0.148]
  gat_full   T=5.93 test acc by checkpoint=[0.131, 0.127, 0.127, 0.131, 0.127, 0.127]
  fold done in 74s
[veracity] held_out=putinmissing-all-rnr-threads validation=sydneysiege-all-rnr-threads train=1754 val=522 test=126
    epoch  1 loss=9227.5 val_mF1(mean over checkpoints)=0.351
    epoch  2 loss=5877.9 val_mF1(mean over checkpoints)=0.310
    epoch  3 loss=5044.4 val_mF1(mean over checkpoints)=0.283
    epoch  4 loss=4588.8 val_mF1(mean over checkpoints)=0.379
    epoch  5 loss=4373.8 val_mF1(mean over checkpoints)=0.330
    epoch  6 loss=3805.9 val_mF1(mean over checkpoints)=0.235
    epoch  7 loss=3533.9 val_mF1(mean over checkpoints)=0.342
    epoch  8 loss=3138.6 val_mF1(mean over checkpoints)=0.200
    epoch  9 loss=3400.0 val_mF1(mean over checkpoints)=0.245
    epoch 10 loss=2832.3 val_mF1(mean over checkpoints)=0.349
    epoch 11 loss=2439.2 val_mF1(mean over checkpoints)=0.202
    epoch 12 loss=2638.5 val_mF1(mean over checkpoints)=0.361
  dgtr       T=2.75 test acc by checkpoint=[0.079, 0.079, 0.095, 0.103, 0.111, 0.111]
  source_lr  T=44.22 test acc by checkpoint=[0.27, 0.27, 0.27, 0.27, 0.27, 0.27]
  prefix_lr  T=42.40 test acc by checkpoint=[0.167, 0.175, 0.198, 0.238, 0.286, 0.27]
  gat_full   T=5.62 test acc by checkpoint=[0.254, 0.262, 0.262, 0.262, 0.294, 0.31]
  fold done in 59s
[veracity] held_out=sydneysiege-all-rnr-threads validation=charliehebdo-all-rnr-threads train=1422 val=458 test=522
    epoch  1 loss=5951.2 val_mF1(mean over checkpoints)=0.339
    epoch  2 loss=3945.5 val_mF1(mean over checkpoints)=0.294
    epoch  3 loss=3021.1 val_mF1(mean over checkpoints)=0.292
    epoch  4 loss=2718.2 val_mF1(mean over checkpoints)=0.318
    epoch  5 loss=2446.2 val_mF1(mean over checkpoints)=0.375
    epoch  6 loss=2168.0 val_mF1(mean over checkpoints)=0.292
    epoch  7 loss=1841.7 val_mF1(mean over checkpoints)=0.369
    epoch  8 loss=1561.8 val_mF1(mean over checkpoints)=0.314
    epoch  9 loss=1244.7 val_mF1(mean over checkpoints)=0.342
    epoch 10 loss=1009.7 val_mF1(mean over checkpoints)=0.305
    epoch 11 loss=1127.9 val_mF1(mean over checkpoints)=0.330
    epoch 12 loss=709.7 val_mF1(mean over checkpoints)=0.327
  dgtr       T=12.65 test acc by checkpoint=[0.352, 0.33, 0.33, 0.322, 0.32, 0.32]
  source_lr  T=24.21 test acc by checkpoint=[0.216, 0.216, 0.216, 0.216, 0.216, 0.216]
  prefix_lr  T=34.19 test acc by checkpoint=[0.278, 0.28, 0.285, 0.295, 0.278, 0.287]
  gat_full   T=26.02 test acc by checkpoint=[0.316, 0.308, 0.305, 0.305, 0.299, 0.303]
  fold done in 42s
